[1m[30m[41m MISSING DEPENDENCY [49m[39m[22m [31mCannot find dependency 'happy-dom'

[39m
[1m[30m[46m RUN [49m[39m[22m [36mv4.1.6 [39m[90md:/code/vue3-element-admin-master[39m

[31m⎯⎯⎯⎯⎯⎯[39m[1m[41m Unhandled Errors [49m[22m[31m⎯⎯⎯⎯⎯⎯[39m
[31m[1m
Vitest caught 1 unhandled error during the test run.
This might cause false positive tests. Resolve unhandled errors to make sure your tests are not affected.[22m[39m

[31m⎯⎯⎯⎯⎯⎯[39m[1m[41m Unhandled Error [49m[22m[31m⎯⎯⎯⎯⎯⎯⎯[39m
[31m[1mError[22m: [vitest-pool]: Failed to start forks worker for test files d:/code/vue3-element-admin-master/src/composables/useTableSelection.test.ts.[39m
[90m [2m❯[22m C:/Users/Administrator/AppData/Local/npm-cache/_npx/69c381f8ad94b576/node_modules/vitest/dist/chunks/cli-api.B5majYba.js:[2m3449:94[22m[39m
[90m [2m❯[22m processTicksAndRejections d:/code/vue3-element-admin-master/node:internal/process/task_queues:[2m104:5[22m[39m
[90m [2m❯[22m Pool.schedule C:/Users/Administrator/AppData/Local/npm-cache/_npx/69c381f8ad94b576/node_modules/vitest/dist/chunks/cli-api.B5majYba.js:[2m3449:5[22m[39m

[31m[1mCaused by: Error[22m: Cannot find package 'happy-dom' imported from C:\Users\Administrator\AppData\Local\npm-cache\_npx\69c381f8ad94b576\node_modules\vitest\dist\chunks\index.DC7d2Pf8.js[39m
[90m [2m❯[22m Object.getPackageJSONURL d:/code/vue3-element-admin-master/node:internal/modules/package_json_reader:[2m301:9[22m[39m
[90m [2m❯[22m packageResolve d:/code/vue3-element-admin-master/node:internal/modules/esm/resolve:[2m768:81[22m[39m
[90m [2m❯[22m moduleResolve d:/code/vue3-element-admin-master/node:internal/modules/esm/resolve:[2m859:18[22m[39m
[90m [2m❯[22m defaultResolve d:/code/vue3-element-admin-master/node:internal/modules/esm/resolve:[2m991:11[22m[39m
[90m [2m❯[22m #cachedDefaultResolve d:/code/vue3-element-admin-master/node:internal/modules/esm/loader:[2m719:20[22m[39m
[90m [2m❯[22m #resolveAndMaybeBlockOnLoaderThread d:/code/vue3-element-admin-master/node:internal/modules/esm/loader:[2m736:38[22m[39m
[90m [2m❯[22m ModuleLoader.resolveSync d:/code/vue3-element-admin-master/node:internal/modules/esm/loader:[2m765:52[22m[39m
[90m [2m❯[22m #resolve d:/code/vue3-element-admin-master/node:internal/modules/esm/loader:[2m701:17[22m[39m
[90m [2m❯[22m ModuleLoader.getOrCreateModuleJob d:/code/vue3-element-admin-master/node:internal/modules/esm/loader:[2m621:35[22m[39m
[90m [2m❯[22m onImport.tracePromise.__proto__ d:/code/vue3-element-admin-master/node:internal/modules/esm/loader:[2m650:32[22m[39m

[31m[2m⎯⎯⎯⎯⎯⎯⎯⎯⎯⎯⎯⎯⎯⎯⎯⎯⎯⎯⎯⎯⎯⎯⎯⎯⎯⎯⎯⎯⎯⎯[22m[39m
[31m[1mSerialized Error:[22m[39m [90m{ code: 'ERR_MODULE_NOT_FOUND' }[39m
[31m⎯⎯⎯⎯⎯⎯⎯⎯⎯⎯⎯⎯⎯⎯⎯⎯⎯⎯⎯⎯⎯⎯⎯⎯⎯⎯⎯⎯⎯⎯[39m


[2m Test Files [22m [2mno tests[22m
[2m      Tests [22m [2mno tests[22m
[2m     Errors [22m [1m[31m1 error[39m[22m
[2m   Start at [22m 14:36:10
[2m   Duration [22m 691ms[2m (transform 0ms, setup 0ms, import 0ms, tests 0ms, environment 0ms)[22m

